// Vitest Snapshot v1

exports[`PokemonOption component > Debe hacer match con el snapshot 1`] = `
"<div class=\\"options-container\\" data-v-d381d26c=\\"\\">
  <ul data-v-d381d26c=\\"\\">
    <li data-v-d381d26c=\\"\\">bulbasaur</li>
    <li data-v-d381d26c=\\"\\">ivysaur</li>
    <li data-v-d381d26c=\\"\\">venusaur</li>
    <li data-v-d381d26c=\\"\\">charmander</li>
  </ul>
</div>"
`;
